/home/zxf/at-project/platform/ameba-rtos-d/project/realtek_amebaD_va0_example/GCC-RELEASE/project_hp/asdk/../../../../../component/common/network/lwip/lwip_v2.2.0/port/realtek/freertos/br_rpt_handle.c:224:17:checksum32	20	static
/home/zxf/at-project/platform/ameba-rtos-d/project/realtek_amebaD_va0_example/GCC-RELEASE/project_hp/asdk/../../../../../component/common/network/lwip/lwip_v2.2.0/port/realtek/freertos/br_rpt_handle.c:422:13:__nat25_generate_ipv4_network_addr	16	static
/home/zxf/at-project/platform/ameba-rtos-d/project/realtek_amebaD_va0_example/GCC-RELEASE/project_hp/asdk/../../../../../component/common/network/lwip/lwip_v2.2.0/port/realtek/freertos/br_rpt_handle.c:388:12:__nat25_network_hash	0	static
/home/zxf/at-project/platform/ameba-rtos-d/project/realtek_amebaD_va0_example/GCC-RELEASE/project_hp/asdk/../../../../../component/common/network/lwip/lwip_v2.2.0/port/realtek/freertos/br_rpt_handle.c:704:13:__nat25_db_network_insert	32	static
/home/zxf/at-project/platform/ameba-rtos-d/project/realtek_amebaD_va0_example/GCC-RELEASE/project_hp/asdk/../../../../../component/common/network/lwip/lwip_v2.2.0/port/realtek/freertos/br_rpt_handle.c:439:23:scan_tlv.constprop	8	static
/home/zxf/at-project/platform/ameba-rtos-d/project/realtek_amebaD_va0_example/GCC-RELEASE/project_hp/asdk/../../../../../component/common/network/lwip/lwip_v2.2.0/port/realtek/freertos/br_rpt_handle.c:625:12:__nat25_db_network_lookup_and_replace.isra	24	static
/home/zxf/at-project/platform/ameba-rtos-d/project/realtek_amebaD_va0_example/GCC-RELEASE/project_hp/asdk/../../../../../component/common/network/lwip/lwip_v2.2.0/port/realtek/freertos/br_rpt_handle.c:203:7:ipcmp6_chksum_pseudo	24	static
/home/zxf/at-project/platform/ameba-rtos-d/project/realtek_amebaD_va0_example/GCC-RELEASE/project_hp/asdk/../../../../../component/common/network/lwip/lwip_v2.2.0/port/realtek/freertos/br_rpt_handle.c:253:7:calculate_chksum_pseudo	40	static
/home/zxf/at-project/platform/ameba-rtos-d/project/realtek_amebaD_va0_example/GCC-RELEASE/project_hp/asdk/../../../../../component/common/network/lwip/lwip_v2.2.0/port/realtek/freertos/br_rpt_handle.c:361:5:IS_MCAST	0	static
/home/zxf/at-project/platform/ameba-rtos-d/project/realtek_amebaD_va0_example/GCC-RELEASE/project_hp/asdk/../../../../../component/common/network/lwip/lwip_v2.2.0/port/realtek/freertos/br_rpt_handle.c:453:5:update_nd_link_layer_addr	8	static
/home/zxf/at-project/platform/ameba-rtos-d/project/realtek_amebaD_va0_example/GCC-RELEASE/project_hp/asdk/../../../../../component/common/network/lwip/lwip_v2.2.0/port/realtek/freertos/br_rpt_handle.c:541:6:convert_ipv6_mac_to_mc	16	static
/home/zxf/at-project/platform/ameba-rtos-d/project/realtek_amebaD_va0_example/GCC-RELEASE/project_hp/asdk/../../../../../component/common/network/lwip/lwip_v2.2.0/port/realtek/freertos/br_rpt_handle.c:568:6:nat25_db_expire	32	static
/home/zxf/at-project/platform/ameba-rtos-d/project/realtek_amebaD_va0_example/GCC-RELEASE/project_hp/asdk/../../../../../component/common/network/lwip/lwip_v2.2.0/port/realtek/freertos/br_rpt_handle.c:1596:13:rptdb_ageing_tmr	16	static
/home/zxf/at-project/platform/ameba-rtos-d/project/realtek_amebaD_va0_example/GCC-RELEASE/project_hp/asdk/../../../../../component/common/network/lwip/lwip_v2.2.0/port/realtek/freertos/br_rpt_handle.c:794:5:nat25_db_handle	144	static
/home/zxf/at-project/platform/ameba-rtos-d/project/realtek_amebaD_va0_example/GCC-RELEASE/project_hp/asdk/../../../../../component/common/network/lwip/lwip_v2.2.0/port/realtek/freertos/br_rpt_handle.c:1158:5:br_rpt_handle_frame	8	static
/home/zxf/at-project/platform/ameba-rtos-d/project/realtek_amebaD_va0_example/GCC-RELEASE/project_hp/asdk/../../../../../component/common/network/lwip/lwip_v2.2.0/port/realtek/freertos/br_rpt_handle.c:1297:16:get_dhcp_option	20	static
/home/zxf/at-project/platform/ameba-rtos-d/project/realtek_amebaD_va0_example/GCC-RELEASE/project_hp/asdk/../../../../../component/common/network/lwip/lwip_v2.2.0/port/realtek/freertos/br_rpt_handle.c:1352:6:dhcp_flag_bcast	64	static
/home/zxf/at-project/platform/ameba-rtos-d/project/realtek_amebaD_va0_example/GCC-RELEASE/project_hp/asdk/../../../../../component/common/network/lwip/lwip_v2.2.0/port/realtek/freertos/br_rpt_handle.c:1469:6:dhcp_dst_bcast	48	static
/home/zxf/at-project/platform/ameba-rtos-d/project/realtek_amebaD_va0_example/GCC-RELEASE/project_hp/asdk/../../../../../component/common/network/lwip/lwip_v2.2.0/port/realtek/freertos/br_rpt_handle.c:1543:7:br_rpt_handle	24	static
/home/zxf/at-project/platform/ameba-rtos-d/project/realtek_amebaD_va0_example/GCC-RELEASE/project_hp/asdk/../../../../../component/common/network/lwip/lwip_v2.2.0/port/realtek/freertos/br_rpt_handle.c:1603:5:rpt_handle_init	16	static
