/home/zxf/at-project/platform/ameba-rtos-d/project/realtek_amebaD_va0_example/GCC-RELEASE/project_hp/asdk/../../../../../component/common/network/lwip/lwip_v2.2.0/port/realtek/freertos/bridgeif_fdb.c:216:1:bridgeif_age_tmr	64	static
/home/zxf/at-project/platform/ameba-rtos-d/project/realtek_amebaD_va0_example/GCC-RELEASE/project_hp/asdk/../../../../../component/common/network/lwip/lwip_v2.2.0/port/realtek/freertos/bridgeif_fdb.c:76:1:bridgeif_fdb_update_src	56	static
/home/zxf/at-project/platform/ameba-rtos-d/project/realtek_amebaD_va0_example/GCC-RELEASE/project_hp/asdk/../../../../../component/common/network/lwip/lwip_v2.2.0/port/realtek/freertos/bridgeif_fdb.c:136:1:bridgeif_fdb_get_dst_ports	24	static
/home/zxf/at-project/platform/ameba-rtos-d/project/realtek_amebaD_va0_example/GCC-RELEASE/project_hp/asdk/../../../../../component/common/network/lwip/lwip_v2.2.0/port/realtek/freertos/bridgeif_fdb.c:161:6:bridgeif_fdbd_dump	48	static
/home/zxf/at-project/platform/ameba-rtos-d/project/realtek_amebaD_va0_example/GCC-RELEASE/project_hp/asdk/../../../../../component/common/network/lwip/lwip_v2.2.0/port/realtek/freertos/bridgeif_fdb.c:231:1:bridgeif_fdb_init	16	static
