/home/zxf/at-project/platform/ameba-rtos-d/project/realtek_amebaD_va0_example/GCC-RELEASE/project_hp/asdk/../../../../../component/common/network/lwip/lwip_v2.2.0/port/realtek/freertos/ethernetif.c:181:14:low_level_output_mii	0	static
/home/zxf/at-project/platform/ameba-rtos-d/project/realtek_amebaD_va0_example/GCC-RELEASE/project_hp/asdk/../../../../../component/common/network/lwip/lwip_v2.2.0/port/realtek/freertos/ethernetif.c:372:13:arp_timer	8	static
/home/zxf/at-project/platform/ameba-rtos-d/project/realtek_amebaD_va0_example/GCC-RELEASE/project_hp/asdk/../../../../../component/common/network/lwip/lwip_v2.2.0/port/realtek/freertos/ethernetif.c:148:14:low_level_output	272	static
/home/zxf/at-project/platform/ameba-rtos-d/project/realtek_amebaD_va0_example/GCC-RELEASE/project_hp/asdk/../../../../../component/common/network/lwip/lwip_v2.2.0/port/realtek/freertos/ethernetif.c:230:6:ethernetif_recv	272	static
/home/zxf/at-project/platform/ameba-rtos-d/project/realtek_amebaD_va0_example/GCC-RELEASE/project_hp/asdk/../../../../../component/common/network/lwip/lwip_v2.2.0/port/realtek/freertos/ethernetif.c:279:6:ethernetif_mii_recv	0	static
/home/zxf/at-project/platform/ameba-rtos-d/project/realtek_amebaD_va0_example/GCC-RELEASE/project_hp/asdk/../../../../../component/common/network/lwip/lwip_v2.2.0/port/realtek/freertos/ethernetif.c:323:7:ethernetif_init	0	static
/home/zxf/at-project/platform/ameba-rtos-d/project/realtek_amebaD_va0_example/GCC-RELEASE/project_hp/asdk/../../../../../component/common/network/lwip/lwip_v2.2.0/port/realtek/freertos/ethernetif.c:350:7:ethernetif_mii_init	0	static
/home/zxf/at-project/platform/ameba-rtos-d/project/realtek_amebaD_va0_example/GCC-RELEASE/project_hp/asdk/../../../../../component/common/network/lwip/lwip_v2.2.0/port/realtek/freertos/ethernetif.c:384:5:arp_timeout_exist	8	static
/home/zxf/at-project/platform/ameba-rtos-d/project/realtek_amebaD_va0_example/GCC-RELEASE/project_hp/asdk/../../../../../component/common/network/lwip/lwip_v2.2.0/port/realtek/freertos/ethernetif.c:399:6:lwip_PRE_SLEEP_PROCESSING	8	static
/home/zxf/at-project/platform/ameba-rtos-d/project/realtek_amebaD_va0_example/GCC-RELEASE/project_hp/asdk/../../../../../component/common/network/lwip/lwip_v2.2.0/port/realtek/freertos/ethernetif.c:408:6:lwip_POST_SLEEP_PROCESSING	0	static
