/home/zxf/at-project/platform/ameba-rtos-d/project/realtek_amebaD_va0_example/GCC-RELEASE/project_hp/asdk/../../../../../component/common/network/lwip/lwip_v2.2.0/port/realtek/freertos/sys_arch.c:64:7:sys_mbox_new	8	static
/home/zxf/at-project/platform/ameba-rtos-d/project/realtek_amebaD_va0_example/GCC-RELEASE/project_hp/asdk/../../../../../component/common/network/lwip/lwip_v2.2.0/port/realtek/freertos/sys_arch.c:88:6:sys_mbox_free	8	static
/home/zxf/at-project/platform/ameba-rtos-d/project/realtek_amebaD_va0_example/GCC-RELEASE/project_hp/asdk/../../../../../component/common/network/lwip/lwip_v2.2.0/port/realtek/freertos/sys_arch.c:110:6:sys_mbox_post	16	static
/home/zxf/at-project/platform/ameba-rtos-d/project/realtek_amebaD_va0_example/GCC-RELEASE/project_hp/asdk/../../../../../component/common/network/lwip/lwip_v2.2.0/port/realtek/freertos/sys_arch.c:118:7:sys_mbox_trypost	16	static
/home/zxf/at-project/platform/ameba-rtos-d/project/realtek_amebaD_va0_example/GCC-RELEASE/project_hp/asdk/../../../../../component/common/network/lwip/lwip_v2.2.0/port/realtek/freertos/sys_arch.c:141:7:sys_mbox_trypost_fromisr	0	static
/home/zxf/at-project/platform/ameba-rtos-d/project/realtek_amebaD_va0_example/GCC-RELEASE/project_hp/asdk/../../../../../component/common/network/lwip/lwip_v2.2.0/port/realtek/freertos/sys_arch.c:162:7:sys_arch_mbox_fetch	32	static
/home/zxf/at-project/platform/ameba-rtos-d/project/realtek_amebaD_va0_example/GCC-RELEASE/project_hp/asdk/../../../../../component/common/network/lwip/lwip_v2.2.0/port/realtek/freertos/sys_arch.c:205:7:sys_arch_mbox_tryfetch	16	static
/home/zxf/at-project/platform/ameba-rtos-d/project/realtek_amebaD_va0_example/GCC-RELEASE/project_hp/asdk/../../../../../component/common/network/lwip/lwip_v2.2.0/port/realtek/freertos/sys_arch.c:224:5:sys_mbox_valid	0	static
/home/zxf/at-project/platform/ameba-rtos-d/project/realtek_amebaD_va0_example/GCC-RELEASE/project_hp/asdk/../../../../../component/common/network/lwip/lwip_v2.2.0/port/realtek/freertos/sys_arch.c:232:6:sys_mbox_set_invalid	0	static
/home/zxf/at-project/platform/ameba-rtos-d/project/realtek_amebaD_va0_example/GCC-RELEASE/project_hp/asdk/../../../../../component/common/network/lwip/lwip_v2.2.0/port/realtek/freertos/sys_arch.c:240:7:sys_sem_new	16	static
/home/zxf/at-project/platform/ameba-rtos-d/project/realtek_amebaD_va0_example/GCC-RELEASE/project_hp/asdk/../../../../../component/common/network/lwip/lwip_v2.2.0/port/realtek/freertos/sys_arch.c:283:7:sys_arch_sem_wait	16	static
/home/zxf/at-project/platform/ameba-rtos-d/project/realtek_amebaD_va0_example/GCC-RELEASE/project_hp/asdk/../../../../../component/common/network/lwip/lwip_v2.2.0/port/realtek/freertos/sys_arch.c:316:6:sys_sem_signal	0	static
/home/zxf/at-project/platform/ameba-rtos-d/project/realtek_amebaD_va0_example/GCC-RELEASE/project_hp/asdk/../../../../../component/common/network/lwip/lwip_v2.2.0/port/realtek/freertos/sys_arch.c:323:6:sys_sem_free	0	static
/home/zxf/at-project/platform/ameba-rtos-d/project/realtek_amebaD_va0_example/GCC-RELEASE/project_hp/asdk/../../../../../component/common/network/lwip/lwip_v2.2.0/port/realtek/freertos/sys_arch.c:332:5:sys_sem_valid	0	static
/home/zxf/at-project/platform/ameba-rtos-d/project/realtek_amebaD_va0_example/GCC-RELEASE/project_hp/asdk/../../../../../component/common/network/lwip/lwip_v2.2.0/port/realtek/freertos/sys_arch.c:341:6:sys_sem_set_invalid	0	static
/home/zxf/at-project/platform/ameba-rtos-d/project/realtek_amebaD_va0_example/GCC-RELEASE/project_hp/asdk/../../../../../component/common/network/lwip/lwip_v2.2.0/port/realtek/freertos/sys_arch.c:348:6:sys_init	0	static
/home/zxf/at-project/platform/ameba-rtos-d/project/realtek_amebaD_va0_example/GCC-RELEASE/project_hp/asdk/../../../../../component/common/network/lwip/lwip_v2.2.0/port/realtek/freertos/sys_arch.c:376:22:sys_arch_timeouts	16	static
/home/zxf/at-project/platform/ameba-rtos-d/project/realtek_amebaD_va0_example/GCC-RELEASE/project_hp/asdk/../../../../../component/common/network/lwip/lwip_v2.2.0/port/realtek/freertos/sys_arch.c:511:14:sys_thread_new	48	static
/home/zxf/at-project/platform/ameba-rtos-d/project/realtek_amebaD_va0_example/GCC-RELEASE/project_hp/asdk/../../../../../component/common/network/lwip/lwip_v2.2.0/port/realtek/freertos/sys_arch.c:454:14:sys_thread_new_tcm	0	static
/home/zxf/at-project/platform/ameba-rtos-d/project/realtek_amebaD_va0_example/GCC-RELEASE/project_hp/asdk/../../../../../component/common/network/lwip/lwip_v2.2.0/port/realtek/freertos/sys_arch.c:541:5:sys_thread_delete	16	static
/home/zxf/at-project/platform/ameba-rtos-d/project/realtek_amebaD_va0_example/GCC-RELEASE/project_hp/asdk/../../../../../component/common/network/lwip/lwip_v2.2.0/port/realtek/freertos/sys_arch.c:600:12:sys_arch_protect	8	static
/home/zxf/at-project/platform/ameba-rtos-d/project/realtek_amebaD_va0_example/GCC-RELEASE/project_hp/asdk/../../../../../component/common/network/lwip/lwip_v2.2.0/port/realtek/freertos/sys_arch.c:612:6:sys_arch_unprotect	0	static
/home/zxf/at-project/platform/ameba-rtos-d/project/realtek_amebaD_va0_example/GCC-RELEASE/project_hp/asdk/../../../../../component/common/network/lwip/lwip_v2.2.0/port/realtek/freertos/sys_arch.c:621:6:sys_assert	8	static
/home/zxf/at-project/platform/ameba-rtos-d/project/realtek_amebaD_va0_example/GCC-RELEASE/project_hp/asdk/../../../../../component/common/network/lwip/lwip_v2.2.0/port/realtek/freertos/sys_arch.c:633:7:sys_now	0	static
/home/zxf/at-project/platform/ameba-rtos-d/project/realtek_amebaD_va0_example/GCC-RELEASE/project_hp/asdk/../../../../../component/common/network/lwip/lwip_v2.2.0/port/realtek/freertos/sys_arch.c:638:7:sys_jiffies	0	static
